D:\a\pa-distributed-img\pa-distributed-img\src\main\java\ConfigFile.java
D:\a\pa-distributed-img\pa-distributed-img\src\main\java\ImageReader.java
D:\a\pa-distributed-img\pa-distributed-img\src\main\java\LoadInfo.java
D:\a\pa-distributed-img\pa-distributed-img\src\main\java\Request.java
D:\a\pa-distributed-img\pa-distributed-img\src\main\java\ImageProducer.java
D:\a\pa-distributed-img\pa-distributed-img\src\main\java\ImageProcessor.java
D:\a\pa-distributed-img\pa-distributed-img\src\main\java\ImageTransformer.java
D:\a\pa-distributed-img\pa-distributed-img\src\main\java\Client.java
D:\a\pa-distributed-img\pa-distributed-img\src\main\java\ClientWindow.java
D:\a\pa-distributed-img\pa-distributed-img\src\main\java\ServerInfo.java
D:\a\pa-distributed-img\pa-distributed-img\src\main\java\SIMDExecutor.java
D:\a\pa-distributed-img\pa-distributed-img\src\main\java\ImagePart.java
D:\a\pa-distributed-img\pa-distributed-img\src\main\java\Response.java
D:\a\pa-distributed-img\pa-distributed-img\src\main\java\Main.java
D:\a\pa-distributed-img\pa-distributed-img\src\main\java\Server.java
D:\a\pa-distributed-img\pa-distributed-img\src\main\java\ImageConsumerTask.java
