D:\a\pa-distributed-img\pa-distributed-img\src\test\java\ImageReaderTest.java
D:\a\pa-distributed-img\pa-distributed-img\src\test\java\ServerTest.java
D:\a\pa-distributed-img\pa-distributed-img\src\test\java\ServerSocketTest.java
D:\a\pa-distributed-img\pa-distributed-img\src\test\java\ServerInfoTest.java
D:\a\pa-distributed-img\pa-distributed-img\src\test\java\ClientTest.java
D:\a\pa-distributed-img\pa-distributed-img\src\test\java\ImageTransformerTest.java
D:\a\pa-distributed-img\pa-distributed-img\src\test\java\ResponseTest.java
D:\a\pa-distributed-img\pa-distributed-img\src\test\java\ImageProducerTest.java
D:\a\pa-distributed-img\pa-distributed-img\src\test\java\LoadInfoTest.java
D:\a\pa-distributed-img\pa-distributed-img\src\test\java\SIMDExecutorTest.java
D:\a\pa-distributed-img\pa-distributed-img\src\test\java\ImagePartsTest.java
D:\a\pa-distributed-img\pa-distributed-img\src\test\java\ConfigFileTest.java
D:\a\pa-distributed-img\pa-distributed-img\src\test\java\RequestTest.java
